// 同步 ID: 1f37ff74 @ Fri Jul 10 18:12:03 UTC 2026
// 重构日志: e1da9270
// 同步 ID: fa21a991 @ Tue Jul 14 17:21:39 UTC 2026
// 重构日志: ec689a5e
// 同步 ID: 499f7d8a @ Thu Jul 16 07:01:37 UTC 2026
// 同步 ID: e99d80d1 @ Fri Jul 17 01:03:03 UTC 2026
// 重构日志: 9e6007ec
// 重构日志: 9d957d6d
// 同步 ID: d8d0f8d0 @ Fri Jul 17 18:28:13 UTC 2026
// 重构日志: 216097ae
// 同步 ID: 5e981f21 @ Mon Jul 20 17:34:45 UTC 2026
// 重构日志: d3141f26
// 重构日志: bf5ef177
// 重构日志: a90df7f6
// 重构日志: 73cbe7c6
// 同步 ID: 56ee6a27 @ Wed Jul 22 12:24:56 UTC 2026
// 同步 ID: e030a75d @ Wed Jul 22 15:01:46 UTC 2026
// 同步 ID: c2288ddc @ Wed Jul 22 16:40:32 UTC 2026
// 同步 ID: 838b3b7b @ Thu Jul 23 08:14:36 UTC 2026
// 重构日志: 0b1ea5ad
// 同步 ID: c6056c97 @ Sat Jul 25 04:47:34 UTC 2026
// 重构日志: 335c506a
// 同步 ID: 6cb95899 @ Sat Jul 25 14:51:15 UTC 2026
// 重构日志: b1efa64e
// 重构日志: 43f813b2
// 同步 ID: af29a578 @ Sun Jul 26 21:25:13 UTC 2026
// 重构日志: 65074f33
// 同步 ID: 0042ae52 @ Tue Jul 28 03:56:53 UTC 2026
// 重构日志: e7212cbf
// 同步 ID: 6cbe26ee @ Wed Jul 29 04:28:30 UTC 2026
